                                                      Total enrollee in the US                 22:47 Thursday, September 8, 2022   1

                                                            num_enrollee
                                                            ------------
                                                                52902921
                                                      Total zipcode in the US                  22:47 Thursday, September 8, 2022   2

                                                            num_zipcode
                                                            -----------
                                                                  38715
                                            Total enrollee in the US with Urbanicty Data       22:47 Thursday, September 8, 2022   3

                                                            num_enrollee
                                                            ------------
                                                                52848593
                                            Total zipcode in the US with Urbanicty Data        22:47 Thursday, September 8, 2022   4

                                                            num_zipcode
                                                            -----------
                                                                  38365
                                          Total enrollee in the Urban areas with ses Data      22:47 Thursday, September 8, 2022   5

                                                            num_enrollee
                                                            ------------
                                                                40495069
                                         Total zipcode in the US urban areas with ses Data     22:47 Thursday, September 8, 2022   6

                                                            num_zipcode
                                                            -----------
                                                                  20487
                                              Total enrollee in the US with BRFSS data         22:47 Thursday, September 8, 2022   7

                                                            num_enrollee
                                                            ------------
                                                                28416061
                                              Total zipcode in the US with BRFSS data          22:47 Thursday, September 8, 2022   8

                                                            num_zipcode
                                                            -----------
                                                                  13893
