                                                           The SAS System                         03:24 Tuesday, October 3, 2017   1

                                                                    zip_
                                                               dailyzip2
                                                            ------------
                                                                   41630
                                                           The SAS System                         03:24 Tuesday, October 3, 2017   2

                                                                    zip_
                                                              mvavgszipC
                                                            ------------
                                                                   41630
                                                           The SAS System                         03:24 Tuesday, October 3, 2017   3

                                                                      
                                                              --------
                                                                 42297
                                                           The SAS System                         03:24 Tuesday, October 3, 2017   4

                                                                      
                                                              --------
                                                                 42297
